0 verbose cli C:\Program Files\nodejs\node.exe C:\Program Files\nodejs\node_modules\npm\bin\npm-cli.js
1 info using npm@11.10.1
2 info using node@v25.7.0
3 silly config load:file:C:\Program Files\nodejs\node_modules\npm\npmrc
4 silly config load:file:C:\Users\pc\node my-world\.npmrc
5 silly config load:file:C:\Users\pc\.npmrc
6 silly config load:file:C:\Users\pc\AppData\Roaming\npm\etc\npmrc
7 verbose title npm install
8 verbose argv "install"
9 verbose logfile logs-max:10 dir:C:\Users\pc\node my-world\.npm-cache\_logs\2026-07-26T16_58_58_237Z-
10 verbose logfile C:\Users\pc\node my-world\.npm-cache\_logs\2026-07-26T16_58_58_237Z-debug-0.log
11 silly logfile done cleaning log files
12 silly packumentCache heap:2348810240 maxSize:587202560 maxEntrySize:293601280
13 silly idealTree buildDeps
14 silly fetch manifest dotenv@^16.6.1
15 silly packumentCache full:https://registry.npmjs.org/dotenv cache-miss
16 http fetch GET 200 https://registry.npmjs.org/dotenv 534ms (cache miss)
17 silly packumentCache full:https://registry.npmjs.org/dotenv set size:undefined disposed:false
18 silly placeDep ROOT dotenv@16.6.1 OK for: node-my-world@1.0.0 want: ^16.6.1
19 silly reify moves {}
20 silly audit bulk request {
20 silly audit   '@mongodb-js/saslprep': [ '1.4.6' ],
20 silly audit   '@types/webidl-conversions': [ '7.0.3' ],
20 silly audit   '@types/whatwg-url': [ '13.0.0' ],
20 silly audit   accepts: [ '2.0.0' ],
20 silly audit   'append-field': [ '1.0.0' ],
20 silly audit   'body-parser': [ '2.2.2' ],
20 silly audit   bson: [ '7.2.0' ],
20 silly audit   'buffer-from': [ '1.1.2' ],
20 silly audit   busboy: [ '1.6.0' ],
20 silly audit   bytes: [ '3.1.2' ],
20 silly audit   'call-bind-apply-helpers': [ '1.0.2' ],
20 silly audit   'call-bound': [ '1.0.4' ],
20 silly audit   'concat-stream': [ '2.0.0' ],
20 silly audit   'content-disposition': [ '1.0.1' ],
20 silly audit   'content-type': [ '1.0.5' ],
20 silly audit   cookie: [ '0.7.2' ],
20 silly audit   'cookie-signature': [ '1.2.2' ],
20 silly audit   cors: [ '2.8.6' ],
20 silly audit   debug: [ '4.4.3' ],
20 silly audit   depd: [ '2.0.0' ],
20 silly audit   'dunder-proto': [ '1.0.1' ],
20 silly audit   'ee-first': [ '1.1.1' ],
20 silly audit   encodeurl: [ '2.0.0' ],
20 silly audit   'es-define-property': [ '1.0.1' ],
20 silly audit   'es-errors': [ '1.3.0' ],
20 silly audit   'es-object-atoms': [ '1.1.1' ],
20 silly audit   'escape-html': [ '1.0.3' ],
20 silly audit   etag: [ '1.8.1' ],
20 silly audit   express: [ '5.2.1' ],
20 silly audit   finalhandler: [ '2.1.1' ],
20 silly audit   forwarded: [ '0.2.0' ],
20 silly audit   fresh: [ '2.0.0' ],
20 silly audit   'function-bind': [ '1.1.2' ],
20 silly audit   'get-intrinsic': [ '1.3.0' ],
20 silly audit   'get-proto': [ '1.0.1' ],
20 silly audit   gopd: [ '1.2.0' ],
20 silly audit   'has-symbols': [ '1.1.0' ],
20 silly audit   hasown: [ '2.0.2' ],
20 silly audit   'http-errors': [ '2.0.1' ],
20 silly audit   'iconv-lite': [ '0.7.2' ],
20 silly audit   inherits: [ '2.0.4' ],
20 silly audit   'ipaddr.js': [ '1.9.1' ],
20 silly audit   'is-promise': [ '4.0.0' ],
20 silly audit   kareem: [ '3.2.0' ],
20 silly audit   'math-intrinsics': [ '1.1.0' ],
20 silly audit   'media-typer': [ '1.1.0', '0.3.0' ],
20 silly audit   'memory-pager': [ '1.5.0' ],
20 silly audit   'merge-descriptors': [ '2.0.0' ],
20 silly audit   'mime-db': [ '1.54.0', '1.52.0' ],
20 silly audit   'mime-types': [ '3.0.2', '2.1.35' ],
20 silly audit   mongodb: [ '7.1.1' ],
20 silly audit   'mongodb-connection-string-url': [ '7.0.1' ],
20 silly audit   mongoose: [ '9.3.3' ],
20 silly audit   mpath: [ '0.9.0' ],
20 silly audit   mquery: [ '6.0.0' ],
20 silly audit   ms: [ '2.1.3' ],
20 silly audit   multer: [ '2.1.1' ],
20 silly audit   'type-is': [ '1.6.18', '2.0.1' ],
20 silly audit   negotiator: [ '1.0.0' ],
20 silly audit   'object-assign': [ '4.1.1' ],
20 silly audit   'object-inspect': [ '1.13.4' ],
20 silly audit   'on-finished': [ '2.4.1' ],
20 silly audit   once: [ '1.4.0' ],
20 silly audit   parseurl: [ '1.3.3' ],
20 silly audit   'path-to-regexp': [ '8.4.0' ],
20 silly audit   'proxy-addr': [ '2.0.7' ],
20 silly audit   punycode: [ '2.3.1' ],
20 silly audit   qs: [ '6.15.0' ],
20 silly audit   'range-parser': [ '1.2.1' ],
20 silly audit   'raw-body': [ '3.0.2' ],
20 silly audit   'readable-stream': [ '3.6.2' ],
20 silly audit   router: [ '2.2.0' ],
20 silly audit   'safe-buffer': [ '5.2.1' ],
20 silly audit   'safer-buffer': [ '2.1.2' ],
20 silly audit   send: [ '1.2.1' ],
20 silly audit   'serve-static': [ '2.2.1' ],
20 silly audit   setprototypeof: [ '1.2.0' ],
20 silly audit   'side-channel': [ '1.1.0' ],
20 silly audit   'side-channel-list': [ '1.0.0' ],
20 silly audit   'side-channel-map': [ '1.0.1' ],
20 silly audit   'side-channel-weakmap': [ '1.0.2' ],
20 silly audit   sift: [ '17.1.3' ],
20 silly audit   'sparse-bitfield': [ '3.0.3' ],
20 silly audit   statuses: [ '2.0.2' ],
20 silly audit   streamsearch: [ '1.1.0' ],
20 silly audit   string_decoder: [ '1.3.0' ],
20 silly audit   toidentifier: [ '1.0.1' ],
20 silly audit   tr46: [ '5.1.1' ],
20 silly audit   typedarray: [ '0.0.6' ],
20 silly audit   unpipe: [ '1.0.0' ],
20 silly audit   'util-deprecate': [ '1.0.2' ],
20 silly audit   vary: [ '1.1.2' ],
20 silly audit   'webidl-conversions': [ '7.0.0' ],
20 silly audit   'whatwg-url': [ '14.2.0' ],
20 silly audit   wrappy: [ '1.0.2' ],
20 silly audit   dotenv: [ '16.6.1' ]
20 silly audit }
21 http cache dotenv@https://registry.npmjs.org/dotenv/-/dotenv-16.6.1.tgz 0ms (cache hit)
22 silly tarball no local data for dotenv@https://registry.npmjs.org/dotenv/-/dotenv-16.6.1.tgz. Extracting by manifest.
23 http fetch GET 200 https://registry.npmjs.org/npm 759ms
24 http fetch POST 200 https://registry.npmjs.org/-/npm/v1/security/advisories/bulk 317ms
25 silly audit report {
25 silly audit report   'body-parser': [
25 silly audit report     {
25 silly audit report       id: 1123976,
25 silly audit report       url: 'https://github.com/advisories/GHSA-v422-hmwv-36x6',
25 silly audit report       title: 'body-parser vulnerable to denial of service when invalid limit value silently disables size enforcement',
25 silly audit report       severity: 'low',
25 silly audit report       vulnerable_versions: '>=2.0.0 <2.3.0',
25 silly audit report       cwe: [Array],
25 silly audit report       cvss: [Object]
25 silly audit report     }
25 silly audit report   ],
25 silly audit report   mongoose: [
25 silly audit report     {
25 silly audit report       id: 1124291,
25 silly audit report       url: 'https://github.com/advisories/GHSA-664h-wqgq-64gw',
25 silly audit report       title: 'Mongoose: Prototype pollution in mongoose update casting via __proto__-prefixed dotted path (Schema._getSchema/path getter)',
25 silly audit report       severity: 'moderate',
25 silly audit report       vulnerable_versions: '>=9.0.0 <9.7.2',
25 silly audit report       cwe: [Array],
25 silly audit report       cvss: [Object]
25 silly audit report     }
25 silly audit report   ],
25 silly audit report   multer: [
25 silly audit report     {
25 silly audit report       id: 1121089,
25 silly audit report       url: 'https://github.com/advisories/GHSA-72gw-mp4g-v24j',
25 silly audit report       title: 'Multer vulnerable to Denial of Service via deeply nested field names',
25 silly audit report       severity: 'high',
25 silly audit report       vulnerable_versions: '>=1.0.0 <2.2.0',
25 silly audit report       cwe: [Array],
25 silly audit report       cvss: [Object]
25 silly audit report     },
25 silly audit report     {
25 silly audit report       id: 1121091,
25 silly audit report       url: 'https://github.com/advisories/GHSA-3p4h-7m6x-2hcm',
25 silly audit report       title: 'Multer vulnerable to Denial of Service via incomplete cleanup of aborted uploads',
25 silly audit report       severity: 'moderate',
25 silly audit report       vulnerable_versions: '>=2.0.0-alpha.1 <2.2.0',
25 silly audit report       cwe: [Array],
25 silly audit report       cvss: [Object]
25 silly audit report     }
25 silly audit report   ],
25 silly audit report   qs: [
25 silly audit report     {
25 silly audit report       id: 1119502,
25 silly audit report       url: 'https://github.com/advisories/GHSA-q8mj-m7cp-5q26',
25 silly audit report       title: 'qs has a remotely triggerable DoS: qs.stringify crashes with TypeError on null/undefined entries in comma-format arrays when encodeValuesOnly is set',
25 silly audit report       severity: 'moderate',
25 silly audit report       vulnerable_versions: '>=6.11.1 <=6.15.1',
25 silly audit report       cwe: [Array],
25 silly audit report       cvss: [Object]
25 silly audit report     }
25 silly audit report   ]
25 silly audit report }
26 silly packumentCache corgi:https://registry.npmjs.org/body-parser cache-miss
27 silly packumentCache corgi:https://registry.npmjs.org/mongoose cache-miss
28 silly packumentCache corgi:https://registry.npmjs.org/multer cache-miss
29 silly packumentCache corgi:https://registry.npmjs.org/qs cache-miss
30 http fetch GET 200 https://registry.npmjs.org/dotenv/-/dotenv-16.6.1.tgz 381ms (cache miss)
31 http fetch GET 200 https://registry.npmjs.org/body-parser 136ms (cache miss)
32 silly packumentCache corgi:https://registry.npmjs.org/body-parser set size:undefined disposed:false
33 http fetch GET 200 https://registry.npmjs.org/mongoose 342ms (cache miss)
34 silly packumentCache corgi:https://registry.npmjs.org/mongoose set size:undefined disposed:false
35 http fetch GET 200 https://registry.npmjs.org/multer 376ms (cache miss)
36 silly packumentCache corgi:https://registry.npmjs.org/multer set size:undefined disposed:false
37 http fetch GET 200 https://registry.npmjs.org/qs 381ms (cache miss)
38 silly packumentCache corgi:https://registry.npmjs.org/qs set size:undefined disposed:false
39 silly packumentCache corgi:https://registry.npmjs.org/express cache-miss
40 http fetch GET 200 https://registry.npmjs.org/express 182ms (cache miss)
41 silly packumentCache corgi:https://registry.npmjs.org/express set size:undefined disposed:false
42 silly ADD node_modules/dotenv
43 verbose cwd C:\Users\pc\node my-world
44 verbose os Windows_NT 10.0.26200
45 verbose node v25.7.0
46 verbose npm  v11.10.1
47 notice
47 notice New minor version of npm available! 11.10.1 -> 11.18.0
47 notice Changelog: https://github.com/npm/cli/releases/tag/v11.18.0
47 notice To update run: npm install -g npm@11.18.0
47 notice  { force: true, Symbol(proc-log.meta): true }
48 verbose exit 0
49 info ok
